******* IntVect slicing *******
Slicing (1,2,3), and obtaining (2,3)
Injecting back (2,3), and obtaining (173,2,3)
...and further sliced down to (3)
...and injected back to (371,3)
Slicing (1,2,3), and obtaining (1,3)
Injecting back (1,3), and obtaining (1,173,3)
...and further sliced down to (1)
...and injected back to (1,371)
Slicing (1,2,3), and obtaining (1,2)
Injecting back (1,2), and obtaining (1,2,173)
********************************

******* Box slicing *******
Slicing ((1,2,3) (2,3,4) (0,0,0)), and obtaining ((2,3) (3,4) (0,0))
Injecting back ((2,3) (3,4) (0,0)), and obtaining ((2,2,3) (2,3,4) (0,0,0))
Slicing ProblemDomain ((1,2,3) (2,3,4) (0,0,0)), and obtaining ((2,3) (3,4) (0,0))
...and further sliced down to ((3) (4) (0))
...and injected back to ((2,3) (2,4) (0,0))
Slicing ((1,2,3) (2,3,4) (0,0,0)), and obtaining ((1,3) (2,4) (0,0))
Injecting back ((1,3) (2,4) (0,0)), and obtaining ((1,2,3) (2,2,4) (0,0,0))
Slicing ProblemDomain ((1,2,3) (2,3,4) (0,0,0)), and obtaining ((1,3) (2,4) (0,0))
...and further sliced down to ((1) (2) (0))
...and injected back to ((1,2) (2,2) (0,0))
Slicing ((1,2,3) (2,3,4) (0,0,0)), and obtaining ((1,2) (2,3) (0,0))
Injecting back ((1,2) (2,3) (0,0)), and obtaining ((1,2,2) (2,3,2) (0,0,0))
Slicing ProblemDomain ((1,2,3) (2,3,4) (0,0,0)), and obtaining ((1,2) (2,3) (0,0))
********************************


******* BaseFab slicing<Real> *******
Slicing ((1,2,3) (2,4,6) (0,0,0)); 1.01 2.02 3.03 4.04 5.05 6.06 7.07 8.08 9.09 10.1 11.11 12.12 13.13 14.14 15.15 16.16 17.17 18.18 19.19 20.2 21.21 22.22 23.23 24.24 
  along dir=0 at position 1 and obtaining: 
((2,3) (4,6) (0,0)); 1.01 3.03 5.05 7.07 9.09 11.11 13.13 15.15 17.17 19.19 21.21 23.23 
and injecting back to get: ((1,2,3) (1,4,6) (0,0,0)); 1.01 3.03 5.05 7.07 9.09 11.11 13.13 15.15 17.17 19.19 21.21 23.23 
...and further sliced, at position 2, down to ((3) (6) (0)); 1.01 7.07 13.13 19.19 
and injecting back to get: ((2,3) (2,6) (0,0)); 1.01 7.07 13.13 19.19 
-------------------------------------------
Slicing ((1,2,3) (2,4,6) (0,0,0)); 1.01 2.02 3.03 4.04 5.05 6.06 7.07 8.08 9.09 10.1 11.11 12.12 13.13 14.14 15.15 16.16 17.17 18.18 19.19 20.2 21.21 22.22 23.23 24.24 
  along dir=1 at position 2 and obtaining: 
((1,3) (2,6) (0,0)); 1.01 2.02 7.07 8.08 13.13 14.14 19.19 20.2 
and injecting back to get: ((1,2,3) (2,2,6) (0,0,0)); 1.01 2.02 7.07 8.08 13.13 14.14 19.19 20.2 
...and further sliced, at position 3, down to ((1) (2) (0)); 1.01 2.02 
and injecting back to get: ((1,3) (2,3) (0,0)); 1.01 2.02 
-------------------------------------------
Slicing ((1,2,3) (2,4,6) (0,0,0)); 1.01 2.02 3.03 4.04 5.05 6.06 7.07 8.08 9.09 10.1 11.11 12.12 13.13 14.14 15.15 16.16 17.17 18.18 19.19 20.2 21.21 22.22 23.23 24.24 
  along dir=2 at position 3 and obtaining: 
((1,2) (2,4) (0,0)); 1.01 2.02 3.03 4.04 5.05 6.06 
and injecting back to get: ((1,2,3) (2,4,3) (0,0,0)); 1.01 2.02 3.03 4.04 5.05 6.06 
-------------------------------------------

******* BaseFab slicing<int> *******
Slicing ((1,2,3) (2,4,6) (0,0,0)); 1 2 3 4 5 6 7 8 9 10 11 12 13 14 15 16 17 18 19 20 21 22 23 24 
  along dir=0 at position 1 and obtaining: 
((2,3) (4,6) (0,0)); 1 3 5 7 9 11 13 15 17 19 21 23 
and injecting back to get: ((1,2,3) (1,4,6) (0,0,0)); 1 3 5 7 9 11 13 15 17 19 21 23 
...and further sliced, at position 2, down to ((3) (6) (0)); 1 7 13 19 
and injecting back to get: ((2,3) (2,6) (0,0)); 1 7 13 19 
-------------------------------------------
Slicing ((1,2,3) (2,4,6) (0,0,0)); 1 2 3 4 5 6 7 8 9 10 11 12 13 14 15 16 17 18 19 20 21 22 23 24 
  along dir=1 at position 2 and obtaining: 
((1,3) (2,6) (0,0)); 1 2 7 8 13 14 19 20 
and injecting back to get: ((1,2,3) (2,2,6) (0,0,0)); 1 2 7 8 13 14 19 20 
...and further sliced, at position 3, down to ((1) (2) (0)); 1 2 
and injecting back to get: ((1,3) (2,3) (0,0)); 1 2 
-------------------------------------------
Slicing ((1,2,3) (2,4,6) (0,0,0)); 1 2 3 4 5 6 7 8 9 10 11 12 13 14 15 16 17 18 19 20 21 22 23 24 
  along dir=2 at position 3 and obtaining: 
((1,2) (2,4) (0,0)); 1 2 3 4 5 6 
and injecting back to get: ((1,2,3) (2,4,3) (0,0,0)); 1 2 3 4 5 6 
-------------------------------------------
********************************


******* DisjointBoxLayout slicing *******
Starting from D3::DisjointBoxLayout:((1,2,3) (2,3,4) (0,0,0))[0] # ((11,2,3) (12,3,4) (0,0,0))[0] # 

  sliced down to:((1,3) (2,4) (0,0))[0] # ((11,3) (12,4) (0,0))[0] # 

  injected back to:((1,2,3) (2,2,4) (0,0,0))[0] # ((11,2,3) (12,2,4) (0,0,0))[0] # 

  And further sliced:((1) (2) (0))[0] # ((11) (12) (0))[0] # 

  And injected back to:((1,3) (2,3) (0,0))[0] # ((11,3) (12,3) (0,0))[0] # 


******* LevelData slicing *******
Sliced 
((1,2,3) (2,3,4) (0,0,0)); 0 1 2 3 4 5 6 7 
((11,2,3) (12,3,4) (0,0,0)); 0 1 2 3 4 5 6 7 
down to...
((1,3) (2,4) (0,0)); 0 1 4 5 
((11,3) (12,4) (0,0)); 0 1 4 5 

Calling dumpLDF...
	(1,3)	0
	(2,3)	1
	(1,4)	4
	(2,4)	5
	(11,3)	0
	(12,3)	1
	(11,4)	4
	(12,4)	5
...called dumpLDF.
and injected back to...
((1,2,3) (2,2,4) (0,0,0)); 0 1 4 5 
((11,2,3) (12,2,4) (0,0,0)); 0 1 4 5 

predefinedLD2:
((1,3) (2,4) (0,0)); 0 1 4 5 
((11,3) (12,4) (0,0)); 0 1 4 5 

